


juː hæv fˈoː͡ɹ nˈuː mˈɛsɪd͡ʒᵻz

ðə fˈɜːst ɪz fɹʌm stˈɛfəni wˈɪljəmz ænd ɚɹˈa͡ɪvd æt
θɹˈiː fˈoː͡ɹɾi fˈa͡ɪv pˌiːˈɛm

ðə sˈʌbd͡ʒɛkt ɪz skˈiː tɹˈɪp



